[ronabooking.com/en.html]
[backblue.gif]
[fade.gif]
[index.html]
[ronabooking.com/favicon-32x32.png]
[ronabooking.com/favicon-16x16.png]
[ronabooking.com/assets/Plugins/bootstrap-4.3.1-dist/css/bootstrap.css]
[use.fontawesome.com/releases/v5.7.2/css/all.css]
[www.google.com/recaptcha/api.js]
[ronabooking.com/assets/a0137d7c/themes/smoothness/jquery-ui.css]
[ronabooking.com/assets/CSS/main.css]
[ronabooking.com/assets/CSS/ronabooking.css]
[ronabooking.com/CSS/main_page_where_to_go.css]
[ronabooking.com/assets/6fcce1fa/authchoice.css]
[ronabooking.com/assets/2cce3590/jquery.js]
[ronabooking.com/assets/af9609c2/yii.js]
[ronabooking.com/assets/a0137d7c/jquery-ui.js]
[ronabooking.com/assets/JS/script.js]
[ronabooking.com/en/site/rent-my-place.html]
[ronabooking.com/sl.html]
[ronabooking.com/hr.html]
[ronabooking.com/de.html]
[ronabooking.com/ru.html]
[ronabooking.com/en/site/searchdf17.html]
[ronabooking.com/Images/Pictures/Cervar Porat/Cervar Porat early morning calm.jpg]
[ronabooking.com/Images/Pictures/Cervar Porat/Cervar Porat bird's eye.jpg]
[ronabooking.com/Images/Pictures/Cervar Porat/Cervar Porat beach.jpg]
[ronabooking.com/Images/Pictures/Cervar Porat/CERVAR PORAT.jpg]
[ronabooking.com/en/site/search9791.html]
[ronabooking.com/Images/Pictures/Rijeka/Rijeka the River Rjecina.jpg]
[ronabooking.com/Images/Pictures/Rijeka/Rijeka the Clocktower.jpg]
[ronabooking.com/Images/Pictures/Rijeka/Rijeka Molo Longo promenade.jpg]
[ronabooking.com/Images/Pictures/Rijeka/Rijeka Korzo Circolo.jpg]
[ronabooking.com/Images/Pictures/Rijeka/RIJEKA.jpg]
[ronabooking.com/en/site/search9dfb.html]
[ronabooking.com/Images/Pictures/Opatija/Opatija garden on Slatina.jpg]
[ronabooking.com/Images/Pictures/Opatija/Opatija hidden beach.jpg]
[ronabooking.com/Images/Pictures/Opatija/Opatija Lungo Mare promenade.jpg]
[ronabooking.com/Images/Pictures/Opatija/OPATIJA Maiden with the seagul.jpg]
[ronabooking.com/en/site/search3295.html]
[ronabooking.com/Images/Pictures/Pag/Pag bridge.jpg]
[ronabooking.com/Images/Pictures/Pag/Pag Lun olive garden.jpg]
[ronabooking.com/Images/Pictures/Pag/Pag olive tree.jpg]
[ronabooking.com/Images/Pictures/Pag/Pag road to the village.jpg]
[ronabooking.com/Images/Pictures/Pag/Pag scenery.jpg]
[ronabooking.com/Images/Pictures/Pag/Pag Sheep.jpg]
[ronabooking.com/Images/Pictures/Pag/PAG.jpg]
[ronabooking.com/Images/Icons/hand-picked.png]
[ronabooking.com/Images/Icons/top-quality.png]
[ronabooking.com/Images/Icons/best-choice.png]
[ronabooking.com/Images/Icons/secure-payment.png]
[ronabooking.com/Images/Icons/price-match.png]
[ronabooking.com/en/blog/11.html]
[static.selfin.my-rent.net/cache/posts/blog_list_11.jpg]
[code.jquery.com/jquery-1.12.4.js]
[code.jquery.com/ui/1.12.1/jquery-ui.js]
[code.jquery.com/ui/1.12.1/themes/base/jquery-ui.css]
[cdn.jsdelivr.net/npm/flatpickr/dist/flatpickr.min.css]
[npmcdn.com/flatpickr/dist/flatpickr.min.45.delayed]
[npmcdn.com/flatpickr@4.6.9/dist/flatpickr.min.js]
[npmcdn.com/flatpickr/dist/l10n/ru.js]
[npmcdn.com/flatpickr@4.6.9/dist/l10n/ru.js]
[npmcdn.com/flatpickr/dist/l10n/hr.js]
[npmcdn.com/flatpickr@4.6.9/dist/l10n/hr.js]
[npmcdn.com/flatpickr/dist/l10n/de.js]
[npmcdn.com/flatpickr@4.6.9/dist/l10n/de.js]
[npmcdn.com/flatpickr/dist/l10n/it.js]
[npmcdn.com/flatpickr@4.6.9/dist/l10n/it.js]
[npmcdn.com/flatpickr/dist/l10n/sl.js]
[npmcdn.com/flatpickr@4.6.9/dist/l10n/sl.js]
[npmcdn.com/flatpickr/dist/l10n/hu.js]
[npmcdn.com/flatpickr@4.6.9/dist/l10n/hu.js]
[npmcdn.com/flatpickr/dist/l10n/es.53.delayed]
[npmcdn.com/flatpickr@4.6.9/dist/l10n/es.js]
[ronabooking.com/en/site/password-restore.html]
[ronabooking.com/assets/Plugins/slick-1.8.1/slick/slick.css]
[ronabooking.com/assets/Plugins/slick-1.8.1/slick/slick.min.js]
[ronabooking.com/assets/Plugins/bootstrap-4.3.1-dist/js/bootstrap.bundle.js]
[ronabooking.com/assets/6fcce1fa/authchoice.js]
[ronabooking.com/en.html]
[ronabooking.com/assets/Plugins/bootstrap-4.3.1-dist/css/bootstrap.css]
[use.fontawesome.com/releases/v5.7.2/css/all.css]
[ronabooking.com/assets/a0137d7c/themes/smoothness/images/ui-bg_highlight-soft_75_cccccc_1x100.png]
[ronabooking.com/assets/a0137d7c/themes/smoothness/images/ui-bg_glass_75_e6e6e6_1x400.png]
[ronabooking.com/assets/a0137d7c/themes/smoothness/images/ui-bg_glass_75_dadada_1x400.png]
[ronabooking.com/assets/a0137d7c/themes/smoothness/images/ui-bg_glass_65_ffffff_1x400.png]
[ronabooking.com/assets/a0137d7c/themes/smoothness/images/ui-bg_glass_55_fbf9ee_1x400.png]
[ronabooking.com/assets/a0137d7c/themes/smoothness/images/ui-bg_glass_95_fef1ec_1x400.png]
[ronabooking.com/assets/a0137d7c/themes/smoothness/images/ui-icons_222222_256x240.png]
[ronabooking.com/assets/a0137d7c/themes/smoothness/images/ui-icons_454545_256x240.png]
[ronabooking.com/assets/a0137d7c/themes/smoothness/images/ui-icons_2e83ff_256x240.png]
[ronabooking.com/assets/a0137d7c/themes/smoothness/images/ui-icons_cd0a0a_256x240.png]
[ronabooking.com/assets/a0137d7c/themes/smoothness/images/ui-icons_888888_256x240.png]
[ronabooking.com/assets/a0137d7c/themes/smoothness/jquery-ui.css]
[images.pexels.com/photos/258154/architecture-beach-building-25815457d0.jpg]
[images.pexels.com/photos/2251247/aircon-apartment-architectural-design-225124776dd.jpg]
[ronabooking.com/assets/Subfolder/antoine-similon-1165697-unsplash.jpg]
[ronabooking.com/assets/CSS/main.css]
[ronabooking.com/assets/CSS/ronabooking.css]
[ronabooking.com/CSS/main_page_where_to_go.css]
[ronabooking.com/assets/6fcce1fa/authchoice.png]
[ronabooking.com/assets/6fcce1fa/authchoice.css]
[ronabooking.com/index.html]
[ronabooking.com/Images/Icons/rona-logo02.svg]
[ronabooking.com/Images/Icons/rona-logo-mobile.svg]
[unpkg.com/leaflet@1.4.0/dist/leaflet.css]
[unpkg.com/leaflet@1.4.0/dist/leaflet.js]
[ronabooking.com/assets/SCSS/main.css]
[api.tiles.mapbox.com/mapbox-gl-js/v1.5.0/mapbox-gl.js]
[api.tiles.mapbox.com/mapbox-gl-js/v1.5.0/mapbox-gl.css]
[npmcdn.com/@turf/turf/turf.min.7e.delayed]
[npmcdn.com/@turf/turf@6.3.0/turf.min.js]
[ronabooking.com/assets/CSS/map.css]
[ronabooking.com/assets/JS/availability.js]
[ronabooking.com/sl/site/rent-my-place.html]
[ronabooking.com/hr/site/rent-my-place.html]
[ronabooking.com/de/site/rent-my-place.html]
[ronabooking.com/ru/site/rent-my-place.html]
[cdnjs.cloudflare.com/ajax/libs/popper.js/1.14.3/umd/popper.min.js]
[stackpath.bootstrapcdn.com/bootstrap/4.1.1/js/bootstrap.min.js]
[kenwheeler.github.io/slick/slick/slick.js]
[ronabooking.com/assets/JS/Plugins/datepicker/datepicker-.js]
[ronabooking.com/assets/JS/Plugins/datepicker/datepicker-hr.js]
[ronabooking.com/assets/JS/Plugins/datepicker/datepicker-ru.js]
[ronabooking.com/assets/JS/Plugins/datepicker/datepicker-de.js]
[ronabooking.com/assets/JS/Plugins/datepicker/datepicker-it.js]
[ronabooking.com/assets/JS/Plugins/datepicker/datepicker-sl.js]
[ronabooking.com/assets/JS/Plugins/datepicker/datepicker-hu.js]
[ronabooking.com/assets/JS/Plugins/datepicker/datepicker-es.js]
[ronabooking.com/en/site/rent-my-place.html]
[ronabooking.com/sl/site/searchdf17.html]
[ronabooking.com/sl/site/search9791.html]
[ronabooking.com/sl/site/search9dfb.html]
[ronabooking.com/sl/site/search3295.html]
[ronabooking.com/sl/blog/11.html]
[ronabooking.com/sl.html]
[ronabooking.com/hr/site/searchdf17.html]
[ronabooking.com/hr/site/search9791.html]
[ronabooking.com/hr/site/search9dfb.html]
[ronabooking.com/hr/site/search3295.html]
[ronabooking.com/hr/blog/11.html]
[ronabooking.com/hr.html]
[ronabooking.com/de/site/searchdf17.html]
[ronabooking.com/de/site/search9791.html]
[ronabooking.com/de/site/search9dfb.html]
[ronabooking.com/de/site/search3295.html]
[ronabooking.com/de/blog/11.html]
[ronabooking.com/de.html]
[ronabooking.com/ru/site/searchdf17.html]
[ronabooking.com/ru/site/search9791.html]
[ronabooking.com/ru/site/search9dfb.html]
[ronabooking.com/ru/site/search3295.html]
[ronabooking.com/ru/blog/11.html]
[ronabooking.com/ru.html]
[ronabooking.com/ru/hu.html]
[ronabooking.com/Images/Icons/LOGO-STAR.svg]
[ajax.googleapis.com/ajax/libs/jquery/3.1.1/jquery.min.js]
[ronabooking.com/assets/CSS/site.css]
[ronabooking.com/assets/JS/calendar.js]
[myrentdm.s3.eu-central-1.amazonaws.com/1421/objects/pictures/19320/main/19320.jpg]
[myrentdm.s3.eu-central-1.amazonaws.com/1421/objects/pictures/19285/main/19285.jpg]
[myrentdm.s3.eu-central-1.amazonaws.com/1421/objects/pictures/19317/main/19317.jpg]
[myrentdm.s3.eu-central-1.amazonaws.com/1421/objects/pictures/19287/main/19287.jpg]
[myrentdm.s3.eu-central-1.amazonaws.com/1421/objects/pictures/19286/main/19286.jpg]
[myrentdm.s3.eu-central-1.amazonaws.com/1421/objects/pictures/19313/main/19313.jpg]
[myrentdm.s3.eu-central-1.amazonaws.com/1421/objects/pictures/19299/main/19299.jpg]
[myrentdm.s3.eu-central-1.amazonaws.com/1421/objects/pictures/19307/main/19307.jpg]
[myrentdm.s3.eu-central-1.amazonaws.com/1421/objects/pictures/19309/main/19309.jpg]
[myrentdm.s3.eu-central-1.amazonaws.com/1421/objects/pictures/19298/main/19298.jpg]
[ronabooking.com/en/site/searchdf17.html]
[ronabooking.com/Images/Icons/arrow-left.svg]
[ronabooking.com/Images/Icons/arrow-right.svg]
[ronabooking.com/Images/Icons/icon-bona.svg]
[myrentdm.s3.eu-central-1.amazonaws.com/1421/objects/pictures/19227/main/19227.jpg]
[myrentdm.s3.eu-central-1.amazonaws.com/1421/objects/pictures/20836/main/20836.jpg]
[myrentdm.s3.eu-central-1.amazonaws.com/1421/objects/pictures/19214/main/19214.jpg]
[myrentdm.s3.eu-central-1.amazonaws.com/1421/objects/pictures/19259/main/19259.jpg]
[myrentdm.s3.eu-central-1.amazonaws.com/1421/objects/pictures/19215/main/19215.jpg]
[myrentdm.s3.eu-central-1.amazonaws.com/1421/objects/pictures/19262/main/19262.jpg]
[myrentdm.s3.eu-central-1.amazonaws.com/1421/objects/pictures/20355/main/20355.jpg]
[myrentdm.s3.eu-central-1.amazonaws.com/1421/objects/pictures/19264/main/19264.jpg]
[myrentdm.s3.eu-central-1.amazonaws.com/1421/objects/pictures/19256/main/19256.png]
[myrentdm.s3.eu-central-1.amazonaws.com/1421/objects/pictures/19229/main/19229.jpg]
[ronabooking.com/en/site/search9791.html]
[ronabooking.com/en/site/search9dfb.html]
[myrentdm.s3.eu-central-1.amazonaws.com/1421/objects/pictures/19338/main/19338.jpg]
[myrentdm.s3.eu-central-1.amazonaws.com/1421/objects/pictures/19343/main/19343.jpg]
[myrentdm.s3.eu-central-1.amazonaws.com/1421/objects/pictures/19333/main/19333.jpg]
[myrentdm.s3.eu-central-1.amazonaws.com/1421/objects/pictures/19337/main/19337.jpg]
[myrentdm.s3.eu-central-1.amazonaws.com/1421/objects/pictures/19354/main/19354.jpg]
[myrentdm.s3.eu-central-1.amazonaws.com/1421/objects/pictures/19355/main/19355.jpg]
[myrentdm.s3.eu-central-1.amazonaws.com/1421/objects/pictures/19379/main/19379.jpg]
[myrentdm.s3.eu-central-1.amazonaws.com/1421/objects/pictures/19380/main/19380.jpg]
[myrentdm.s3.eu-central-1.amazonaws.com/1421/objects/pictures/19348/main/19348.jpg]
[myrentdm.s3.eu-central-1.amazonaws.com/1421/objects/pictures/19344/main/19344.jpg]
[ronabooking.com/en/site/search3295.html]
[ronabooking.com/en/blog/11.html]
[ronabooking.com/Images/Icons/rona-logo-contact.svg]
[ronabooking.com/Images/Icons/novalja.svg]
[ronabooking.com/Images/Icons/opatija-rivera.svg]
[ronabooking.com/Images/Icons/istra-logo.svg]
[ronabooking.com/Images/Icons/grad-rijeka.svg]
[ronabooking.com/Images/Icons/cres.svg]
[code.jquery.com/ui/1.12.1/themes/base/jquery-ui.css]
[cdn.jsdelivr.net/npm/flatpickr/dist/flatpickr.min.css]
[ronabooking.com/en/data-toggle=_modal_.html]
[ronabooking.com/en/site/password-restore.html]
[ronabooking.com/assets/Plugins/slick-1.8.1/slick/slick.css]
[ronabooking.com/en/ImageS/ICONS/instagram.html]
[unpkg.com/leaflet@1.4.0/dist/leaflet.css]
[ronabooking.com/assets/SCSS/main.css]
[api.tiles.mapbox.com/mapbox-gl-js/v1.5.0/mapbox-gl.css]
[ronabooking.com/assets/SCSS/flatpickr_custome.css]
[ronabooking.com/assets/CSS/map.css]
[ronabooking.com/en/assets/a0137d7c/ui/i18n/datepicker-.html]
[ronabooking.com/Images/Icons/search-icon.svg]
[ronabooking.com/sl/site/rent-my-place.html]
[ronabooking.com/hr/site/rent-my-place.html]
[ronabooking.com/de/site/rent-my-place.html]
[ronabooking.com/ru/site/rent-my-place.html]
[ronabooking.com/ru/hu/site/rent-my-place.html]
[ronabooking.com/sl/site/searchdf17.html]
[ronabooking.com/sl/site/search9791.html]
[ronabooking.com/sl/site/search9dfb.html]
[ronabooking.com/sl/site/search3295.html]
[ronabooking.com/sl/blog/11.html]
[ronabooking.com/hr/site/searchdf17.html]
[ronabooking.com/hr/site/search9791.html]
[ronabooking.com/hr/site/search9dfb.html]
[ronabooking.com/hr/site/search3295.html]
[ronabooking.com/hr/blog/11.html]
[ronabooking.com/de/site/searchdf17.html]
[ronabooking.com/de/site/search9791.html]
[ronabooking.com/de/site/search9dfb.html]
[ronabooking.com/de/site/search3295.html]
[ronabooking.com/de/blog/11.html]
[ronabooking.com/ru/site/searchdf17.html]
[ronabooking.com/ru/site/search9791.html]
[ronabooking.com/ru/site/search9dfb.html]
[ronabooking.com/ru/site/search3295.html]
[ronabooking.com/ru/blog/11.html]
[ronabooking.com/assets/CSS/site.css]
[ronabooking.com/en/site/site/search.html]
[ronabooking.com/en/hu/site/searchdf17.html]
[ronabooking.com/Images/Icons/LOGO-STAR_YELLOW.svg]
[ronabooking.com/en/hu/site/search9791.html]
[ronabooking.com/en/hu/site/search9dfb.html]
